1790612120198 phase=A-okklusion-aus
1790612120235 takt=1 http=201
1790612150287 takt=2 http=201
1790612180356 takt=3 http=201
1790612210423 takt=4 http=201
1790612240491 takt=5 http=201
1790612270547 takt=6 http=201
1790612300242 phase=B-minimiert
1790612300614 takt=7 http=201
1790612330684 takt=8 http=201
1790612360759 takt=9 http=201
1790612400780 takt=10 http=201
1790612430847 takt=11 http=201
1790612460914 takt=12 http=201
1790612490971 takt=13 http=201
1790612521027 takt=14 http=201
1790612540341 phase=C-verdeckt-gedrosselt
1790612553813 takt=15 http=201
1790612584086 takt=16 http=201
1790612617859 takt=17 http=201
1790612668025 takt=18 http=000
1790612718569 takt=19 http=000
1790612748626 takt=20 http=201
1790612778707 takt=21 http=201
1790612790412 phase=ende
1790612808771 takt=22 http=201
