1790664704597 phase=A-sichtbar
1790664704768 takt=1 http=201
1790664734877 takt=2 http=201
1790664764948 takt=3 http=201
1790664795014 takt=4 http=201
1790664825088 takt=5 http=201
1790664825226 phase=B-minimiert
1790664855168 takt=6 http=201
1790664885321 takt=7 http=201
1790664915415 takt=8 http=201
1790664945493 takt=9 http=201
1790664975569 takt=10 http=201
1790665005636 takt=11 http=201
1790665006189 phase=C-wiederhergestellt
1790665032046 phase=D-vm-suspendiert
1790665035707 takt=12 http=201
1790665065785 takt=13 http=201
1790665095858 takt=14 http=201
1790665125928 takt=15 http=201
1790665154418 phase=E-vm-fortgesetzt
1790665156003 takt=16 http=201
1790665186067 takt=17 http=201
1790665216163 takt=18 http=201
1790665246258 takt=19 http=201
1790665276358 takt=20 http=201
1790665396420 ende
